Vamos pupular um pouco esse arquivo de log :-)
